// Jest Snapshot v1, https://goo.gl/fbAQLP

exports[`Tag renders a tag component 1`] = `
<body>
  <div>
    <div
      class="tag"
      id="test-id"
      role="row"
    >
      <span
        class="content"
        id="test-id-content"
        role="gridcell"
        tabindex="0"
      >
        Test Title
      </span>
      <span
        class="icon-wrapper"
        role="gridcell"
        tabindex="-1"
      >
        <svg
          aria-labelledby="test-id-button test-id-content"
          class="icon"
          height="8"
          role="button"
          tabindex="-1"
          width="8"
        >
          <title
            id="test-id-button"
          >
            Remove
          </title>
          <use
            xlink:href="#clear.svg"
          />
        </svg>
      </span>
    </div>
  </div>
</body>
`;
