// Jest Snapshot v1, https://goo.gl/fbAQLP

exports[`<CustomFieldInputMultipleChoice> has defaults 1`] = `
<div>
  <label
    className="label"
    htmlFor="test-id"
  >
    test label
  </label>
  <div
    className="read-write-container"
    id="test-id"
    onClick={[Function]}
    onFocus={[Function]}
    onKeyDown={[Function]}
    role="grid"
  >
    <svg
      className="input-icon size-medium stroke-none color-transparent"
      role="img"
    >
      <use
        xlinkHref="#icon-caret-down.svg"
      />
    </svg>
  </div>
</div>
`;
