// Jest Snapshot v1, https://goo.gl/fbAQLP

exports[`<CustomFieldInputMultipleChoice> has defaults 1`] = `
<div>
  <div
    onKeyDown={[Function]}
    role="presentation"
  >
    <label
      className="label"
      htmlFor="test-id-autocomple"
      id="test-id-label"
    >
      test label
    </label>
    <div
      className="control-container"
    >
      <div
        className="read-write-container"
        onClick={[Function]}
        role="presentation"
      >
        <div
          aria-labelledby="test-id-label"
          className="tag-list"
          onClick={[Function]}
          onFocus={[Function]}
          onKeyDown={[Function]}
          role="grid"
        >
          <input
            aria-haspopup="listbox"
            aria-labelledby="test-id-label"
            className="autocomplete-input"
            id="test-id-autocomple"
            onChange={[Function]}
            value=""
          />
        </div>
        <div
          className="icons-container"
        >
          <svg
            className="icon size-medium stroke-none color-transparent"
            onClick={[Function]}
            role="img"
            tabIndex={-1}
          >
            <use
              onKeyDown={[Function]}
              xlinkHref="#icon-caret-down.svg"
            />
          </svg>
        </div>
      </div>
    </div>
  </div>
</div>
`;
