// Jest Snapshot v1, https://goo.gl/fbAQLP

exports[`CustomFieldInputCurrency has defaults 1`] = `
<div
  className="custom-field-input-text"
>
  <label
    className="label"
    htmlFor="foo"
    id="foo-label"
  >
    cash money
  </label>
  <div
    className="control-container"
  >
    <input
      aria-controls="foo-label"
      className="input"
      defaultValue=""
      disabled={false}
      id="foo"
      onBlur={[Function]}
      onChange={[Function]}
      onClick={[Function]}
      onFocus={[Function]}
      onKeyUp={[Function]}
      readOnly={false}
      required={false}
      style={
        Object {
          "--numIcon": 0,
        }
      }
      type="text"
    />
    <div
      className="icon-container"
    />
  </div>
</div>
`;
