// Jest Snapshot v1, https://goo.gl/fbAQLP

exports[`CustomFieldInputCurrency has defaults 1`] = `
<body>
  <div>
    <div
      class="custom-field-input-text"
      role="presentation"
    >
      <label
        class="label"
        for="currency"
        id="currency-label"
      >
        currency
      </label>
      <div
        class="control-container"
      >
        <input
          autocomplete="on"
          class="input"
          id="currency"
          name="some-field-id"
          style="--numIcon: 0;"
          type="text"
          value=""
        />
        <div
          class="icon-container"
        />
      </div>
    </div>
  </div>
</body>
`;

exports[`CustomFieldInputCurrency has defaults 2`] = `
Object {
  "dirty": false,
  "id": "currency",
  "name": "some-field-id",
  "value": undefined,
}
`;
