// Jest Snapshot v1, https://goo.gl/fbAQLP

exports[`Percentage has defaults 1`] = `
<body>
  <div>
    <div
      class="container"
      role="presentation"
    >
      <div
        class="label-wrapper"
      >
        <div
          class="label"
        >
          <label
            for="foo"
            id="foo-label"
          >
            the label
          </label>
        </div>
      </div>
      <div
        class="control-container"
      >
        <div
          style="position: relative;"
        >
          <input
            aria-describedby="fooHint foo-tooltip"
            class="input"
            id="foo"
            max="100"
            min="0"
            step="0.01"
            type="number"
            value=""
          />
          <div
            class="container"
          >
            <span
              class="percent-sign"
            >
              %
            </span>
          </div>
        </div>
      </div>
    </div>
  </div>
</body>
`;

exports[`Percentage has defaults 2`] = `
Object {
  "contains": [Function],
  "dirty": false,
  "id": "foo",
  "name": undefined,
  "value": undefined,
}
`;
