// Jest Snapshot v1, https://goo.gl/fbAQLP

exports[`Number has defaults 1`] = `
<body>
  <div>
    <div
      role="presentation"
    >
      <label
        class="label"
        for="test-component"
      >
        Test Component
      </label>
      <div
        class="control-container"
      >
        <input
          aria-describedby="test-componentHint"
          id="test-component"
          type="number"
        />
      </div>
    </div>
  </div>
</body>
`;

exports[`Number has defaults 2`] = `null`;
