// Jest Snapshot v1, https://goo.gl/fbAQLP

exports[`Number has defaults 1`] = `
<body>
  <div>
    <div
      role="presentation"
    >
      <div
        class="label-wrapper"
      >
        <div
          class="label"
        >
          <label
            for="test-component"
            id="test-component-label"
          >
            Test Component
          </label>
        </div>
      </div>
      <div
        class="control-container"
      >
        <div
          style="height: 100%; position: relative;"
        >
          <input
            aria-describedby="test-component-tooltip test-component-validation-message"
            class="input"
            id="test-component"
            max="2147483648"
            min="-2147483648"
            name="test-name"
            step="1"
            type="number"
            value=""
          />
          <div
            class="container"
          />
        </div>
      </div>
    </div>
  </div>
</body>
`;

exports[`Number has defaults 2`] = `
Object {
  "contains": [Function],
  "dirty": false,
  "focus": [Function],
  "id": "test-component",
  "name": "test-name",
  "validity": ValidityState {},
  "value": undefined,
}
`;
