// Jest Snapshot v1, https://goo.gl/fbAQLP

exports[`src/components/custom-field-input-date/custom-field-input-date has defaults 1`] = `
<div
  className="custom-field-input-text disabled"
  data-testid="custom-field-input"
>
  <div
    className="heading-container"
  >
    <label
      className="label"
      htmlFor="hello"
    >
      Hello
    </label>
  </div>
  <div
    className="input-container"
  >
    <input
      className="input"
      defaultValue=""
      disabled={true}
      id="hello"
      onBlur={[Function]}
      onChange={[Function]}
      onFocus={[Function]}
      onKeyUp={[Function]}
      required={false}
      step={1}
      type="date"
    />
    <div
      className="input-icon-container"
    >
      <svg
        className="icon-base size-medium fill-none stroke-primary color-transparent"
        role="img"
      >
        <title>
          Hello
        </title>
        <use
          xlinkHref="#icon-calendar-fill.svg"
        />
      </svg>
    </div>
  </div>
</div>
`;
