// Jest Snapshot v1, https://goo.gl/fbAQLP

exports[`src/components/custom-field-input-date/custom-field-input-date has defaults 1`] = `
<div
  onKeyDown={[Function]}
  role="presentation"
>
  <label
    className="label"
    htmlFor="hello"
    id="hello-label"
  >
    Hello
  </label>
  <div
    className="control-container"
  >
    <input
      aria-controls="hello-label"
      className="input"
      defaultValue=""
      disabled={false}
      id="hello"
      onBlur={[Function]}
      onChange={[Function]}
      onClick={[Function]}
      onFocus={[Function]}
      onKeyDown={[Function]}
      onKeyUp={[Function]}
      readOnly={true}
      required={false}
      step={1}
      style={
        Object {
          "--numIcon": 1,
        }
      }
      type="date"
    />
    <div
      className="icon-container"
    >
      <svg
        className="input-icon size-medium color-transparent"
        onClick={[Function]}
        role="img"
        tabIndex={-1}
      >
        <title>
          Hello
        </title>
        <use
          onKeyDown={[Function]}
          xlinkHref="#icon-calendar-fill.svg"
        />
      </svg>
    </div>
  </div>
</div>
`;
