// Jest Snapshot v1, https://goo.gl/fbAQLP

exports[`src/components/select/select has defaults 1`] = `
<body>
  <div>
    <div
      class="container"
    >
      <div
        role="presentation"
      >
        <div
          class="label-wrapper"
        >
          <div
            class="label"
          >
            <label
              for="test-id"
              id="test-id-label"
            >
              Test label
            </label>
          </div>
        </div>
        <div
          class="control-container"
        >
          <div
            class="container"
            style="position: relative;"
          >
            <input
              aria-autocomplete="none"
              aria-controls="test-id-single-choice-listbox"
              aria-describedby="test-id-tooltip test-idHint"
              aria-expanded="false"
              aria-haspopup="listbox"
              autocomplete="off"
              class="input"
              id="test-id"
              name="field-id"
              role="combobox"
              style="--numIcon: 3;"
              type="text"
              value=""
            />
            <div
              class="container"
            >
              <svg
                aria-disabled="false"
                class="button"
                height="6"
                role="button"
                tabindex="0"
                width="10"
              >
                <title>
                  Open choices listbox
                </title>
                <use
                  xlink:href="#caret-down.svg"
                />
              </svg>
            </div>
          </div>
        </div>
      </div>
    </div>
  </div>
</body>
`;

exports[`src/components/select/select has defaults 2`] = `
Object {
  "contains": [Function],
  "dirty": false,
  "id": "test-id",
  "name": "field-id",
  "value": undefined,
}
`;
