// Jest Snapshot v1, https://goo.gl/fbAQLP

exports[`src/components/custom-field-input-single-choice/custom-field-input-single-choice has defaults 1`] = `
<div
  className="container"
>
  <div>
    <label
      className="label"
      htmlFor="test-id"
      id="test-id-label"
    >
      Test label
    </label>
    <div
      className="control-container"
    >
      <input
        aria-controls="test-id-label"
        className="input"
        disabled={false}
        id="test-id"
        onBlur={[Function]}
        onChange={[Function]}
        onClick={[Function]}
        onFocus={[Function]}
        onKeyUp={[Function]}
        readOnly={false}
        required={false}
        type="text"
      />
      <svg
        className="input-icon size-medium stroke-none color-transparent"
        role="img"
      >
        <use
          xlinkHref="#icon-caret-down.svg"
        />
      </svg>
    </div>
  </div>
</div>
`;
