// Jest Snapshot v1, https://goo.gl/fbAQLP

exports[`src/components/custom-field-input-single-choice/custom-field-input-single-choice has defaults 1`] = `
<div
  className="custom-field-input-text"
  data-testid="custom-field-input"
>
  <div>
    <label
      className="label"
      htmlFor="yo"
    >
      Foo
    </label>
  </div>
  <div
    className="input-container"
  >
    <input
      className="input"
      disabled={false}
      id="yo"
      onBlur={[Function]}
      onChange={[Function]}
      onFocus={[Function]}
      onKeyUp={[Function]}
      readOnly={false}
      required={false}
      type="text"
    />
    <svg
      className="input-icon size-medium stroke-none color-transparent"
      role="img"
    >
      <use
        xlinkHref="#icon-caret-down.svg"
      />
    </svg>
  </div>
</div>
`;
