// Jest Snapshot v1, https://goo.gl/fbAQLP

exports[`<FormControl> has defaults 1`] = `
<body>
  <div>
    <div
      role="presentation"
    >
      <div
        class="label-wrapper"
      >
        <div
          class="label"
        >
          <label
            for="test-id"
            id="test-id-label"
          >
            Test label
          </label>
        </div>
      </div>
      <div
        class="control-container"
      >
        <input
          aria-describedby="test-idHint"
          id="test-id"
        />
      </div>
    </div>
  </div>
</body>
`;
