// Jest Snapshot v1, https://goo.gl/fbAQLP

exports[`CustomFieldInputNumber has defaults 1`] = `
<body>
  <div>
    <div
      role="presentation"
    >
      <div
        class="label-wrapper"
      >
        <div
          class="label"
        >
          <label
            for="test-input"
            id="test-input-label"
          >
            Test label
          </label>
        </div>
      </div>
      <div
        class="control-container"
      >
        <div
          style="height: 100%; position: relative;"
        >
          <input
            aria-describedby="test-input-tooltip test-input-validation-message"
            class="input"
            id="test-input"
            max="2147483648"
            min="-2147483648"
            name="field-id"
            step="1"
            type="number"
            value=""
          />
          <div
            class="container"
          />
        </div>
      </div>
    </div>
  </div>
</body>
`;

exports[`CustomFieldInputNumber has defaults 2`] = `
Object {
  "dirty": false,
  "focus": [Function],
  "id": "test-input",
  "name": "field-id",
  "validity": ValidityState {},
  "value": undefined,
}
`;
