// Jest Snapshot v1, https://goo.gl/fbAQLP

exports[`CustomFieldInputNumber has defaults 1`] = `
<div
  className="custom-field-input-text"
  data-testid="custom-field-input"
>
  <div>
    <label
      className="label"
      htmlFor="test-input"
    >
      Test label
    </label>
  </div>
  <div
    className="input-container"
  >
    <input
      className="input"
      defaultValue=""
      disabled={false}
      id="test-input"
      max={2147483648}
      min={-2147483648}
      onBlur={[Function]}
      onChange={[Function]}
      onFocus={[Function]}
      onKeyUp={[Function]}
      readOnly={false}
      required={false}
      step={1}
      type="number"
    />
  </div>
</div>
`;
