// Jest Snapshot v1, https://goo.gl/fbAQLP

exports[`TagList renders a TagList 1`] = `
<body>
  <div>
    <div
      aria-labelledby="test-label-id"
      class="tag-list"
      role="grid"
    >
      <div
        class="tag"
        id="test-tag-fake"
        role="row"
      >
        <span
          class="content"
          id="test-tag-fake-content"
          role="gridcell"
          tabindex="0"
        >
          Test Fake Tag
        </span>
        <span
          class="icon-wrapper"
          role="gridcell"
          tabindex="-1"
        >
          <svg
            aria-disabled="false"
            aria-labelledby="test-tag-fake-button test-tag-fake-content"
            class="icon"
            height="8"
            role="button"
            tabindex="-1"
            width="8"
          >
            <title
              id="test-tag-fake-button"
            >
              Remove
            </title>
            <use
              xlink:href="#clear.svg"
            />
          </svg>
        </span>
      </div>
    </div>
  </div>
</body>
`;
