// Jest Snapshot v1, https://goo.gl/fbAQLP

exports[`Input cell control has defaults 1`] = `
<body>
  <div>
    <table>
      <tbody>
        <tr>
          <td
            aria-labelledby="labelled-by"
            role="gridcell"
          >
            <input
              class="input"
            />
          </td>
        </tr>
      </tbody>
    </table>
  </div>
</body>
`;
