// Jest Snapshot v1, https://goo.gl/fbAQLP

exports[`Textarea cell control has defaults 1`] = `
<body>
  <div>
    <table>
      <thead>
        <tr>
          <th
            id="labelled-by"
          >
            Column Header
          </th>
        </tr>
      </thead>
      <tbody>
        <tr>
          <td
            aria-labelledby="labelled-by"
            class="container"
            role="gridcell"
          >
            <textarea
              class="textarea"
              placeholder=""
            />
            <div
              class="iconsContainer"
              style="display: none;"
            >
              <svg
                class="invalidIcon"
                height="18"
                role="img"
                width="22"
              >
                <title />
                <use
                  xlink:href="#caution.svg"
                />
              </svg>
            </div>
          </td>
        </tr>
      </tbody>
    </table>
  </div>
</body>
`;

exports[`Textarea cell control has defaults 2`] = `Object {}`;
