// Jest Snapshot v1, https://goo.gl/fbAQLP

exports[`src/components/helpers/custom-field has defaults 1`] = `
<div>
  <div
    className="heading-container"
  >
    <label
      className="label"
      htmlFor="custom-field"
    >
      Custom Field
    </label>
  </div>
  <div
    className="input-container"
  >
    <input
      className="input"
      data-testid="private-input"
      defaultValue=""
      disabled={false}
      id="custom-field"
      onBlur={[Function]}
      onChange={[Function]}
      onFocus={[Function]}
      onKeyUp={[Function]}
      required={false}
      type="text"
    />
  </div>
</div>
`;
