// Jest Snapshot v1, https://goo.gl/fbAQLP

exports[`CustomFieldInputText has defaults 1`] = `
<div
  className="custom-field-input-text"
  data-testid="custom-field-input"
>
  <div
    className="heading-container"
  >
    <label
      className="label"
      htmlFor="test-input"
    >
      Test label
    </label>
  </div>
  <div
    className="input-container"
  >
    <input
      className="input"
      disabled={false}
      id="test-input"
      onBlur={[Function]}
      onChange={[Function]}
      onFocus={[Function]}
      onKeyUp={[Function]}
      readOnly={false}
      required={false}
      type="text"
    />
  </div>
</div>
`;
