// Jest Snapshot v1, https://goo.gl/fbAQLP

exports[`CustomFieldInputText has defaults 1`] = `
<body>
  <div>
    <div
      role="presentation"
    >
      <div
        class="label-wrapper"
      >
        <div
          class="label"
        >
          <label
            for="test-input"
            id="test-input-label"
          >
            Test label
          </label>
        </div>
      </div>
      <div
        class="control-container"
      >
        <div
          class="container"
          style="height: 100%; position: relative;"
        >
          <input
            aria-describedby="test-input-validation-message test-input-tooltip"
            class="input"
            id="test-input"
            name="field-id"
            type="text"
            value=""
          />
          <div
            class="container"
          />
        </div>
      </div>
    </div>
  </div>
</body>
`;

exports[`CustomFieldInputText has defaults 2`] = `
Object {
  "contains": [Function],
  "dirty": false,
  "id": "test-input",
  "name": "field-id",
  "value": "",
}
`;
