// Jest Snapshot v1, https://goo.gl/fbAQLP

exports[`CustomFieldInputText has defaults 1`] = `
<div
  className="custom-field-input-text"
>
  <div
    className="heading-container"
  >
    <label
      className="label"
      htmlFor="test-input"
    >
      Test label
    </label>
  </div>
  <div
    className="input-container"
  >
    <input
      className="input"
      disabled={false}
      id="test-input"
      type="text"
    />
  </div>
</div>
`;
