// Jest Snapshot v1, https://goo.gl/fbAQLP

exports[`src/components/date/date.test.jsx has defaults 1`] = `
<body>
  <div>
    <div
      class="container"
    >
      <div
        role="presentation"
      >
        <label
          class="label"
          for="test-id"
          id="test-id-label"
        >
          Test label
        </label>
        <div
          class="control-container"
        >
          <input
            aria-describedby="test-idHint"
            class="input"
            id="test-id"
            name="test_name"
            type="text"
            value=""
          />
          <div
            class="icons"
          >
            <svg
              class="button"
              height="14"
              role="button"
              tabindex="0"
              width="11"
            >
              <title>
                Test label calendar button
              </title>
              <use
                xlink:href="#calendar.svg"
              />
            </svg>
          </div>
        </div>
      </div>
    </div>
  </div>
</body>
`;

exports[`src/components/date/date.test.jsx has defaults 2`] = `
Object {
  "id": "test-id",
  "name": "test_name",
  "value": undefined,
}
`;
