// Jest Snapshot v1, https://goo.gl/fbAQLP

exports[`rendering 1`] = `
<body>
  <div>
    <table
      class="table"
    >
      <thead
        class="head"
      >
        <tr>
          <th
            class="headerCell"
          >
            id
          </th>
          <th
            class="headerCell"
          >
            name
          </th>
        </tr>
      </thead>
      <tbody
        class="body"
      >
        <tr
          class="row"
        >
          <td
            class="cell"
          >
            1
          </td>
          <td
            class="cell"
          >
            Bob Ross
          </td>
        </tr>
        <tr
          class="row"
        >
          <td
            class="cell"
          >
            2
          </td>
          <td
            class="cell"
          >
            Bob Marley
          </td>
        </tr>
      </tbody>
    </table>
  </div>
</body>
`;
