// Jest Snapshot v1, https://goo.gl/fbAQLP

exports[`MoneyInput has defaults 1`] = `
<body>
  <div>
    <div
      role="presentation"
    >
      <div
        class="label-wrapper"
      >
        <div
          class="label"
        >
          <label
            for="currency"
            id="currency-label"
          >
            currency
          </label>
        </div>
      </div>
      <div
        class="control-container"
      >
        <div
          class="container"
          style="position: relative;"
        >
          <input
            aria-describedby="currency-validation-message "
            class="input"
            id="currency"
            name="some-field-id"
            type="text"
            value=""
          />
          <div
            class="container"
          />
        </div>
      </div>
    </div>
  </div>
</body>
`;

exports[`MoneyInput has defaults 2`] = `
Object {
  "dirty": false,
  "id": "currency",
  "name": "some-field-id",
  "value": undefined,
}
`;
